---
source: lib/doctavious-cli/src/cmd/design_decisions/adr.rs
expression: "fs::read_to_string(second).unwrap()"
---
---
authors: 
date: [DATE]
discussion: 
---

# 2. Second Record

Date: [DATE]

## Status

Accepted

Supersedes [1. First Record](0001-first-record.md)

## Context

The issue motivating this decision, and any context that influences or constrains the decision.

## Decision

The change that we're proposing or have agreed to implement.

## Consequences

What becomes easier or more difficult to do and any risks introduced by the change that will need to be mitigated.
