---
source: lib/doctavious-cli/src/cmd/design_decisions/adr.rs
expression: toc
---
# Architecture Decision Records

An intro.

Multiple paragraphs.

* [`1. The First Decision`](/[DIR]/0001-the-first-decision.md)
* [`2. The Second Decision`](/[DIR]/0002-the-second-decision.md)

An outro.
