---
source: lib/doctavious-cli/src/cmd/design_decisions/adr.rs
expression: toc
---
# Architecture Decision Records

* [`1. The First Decision`](a-link-prefix/[DIR]/docs/adr/0001-the-first-decision.md)
* [`2. The Second Decision`](a-link-prefix/[DIR]/docs/adr/0002-the-second-decision.md)

