---
source: lib/doctavious-cli/src/cmd/design_decisions/rfd.rs
expression: "fs::read_to_string(third).unwrap()"
---
---
authors: 
state: predraft
discussion: 
---

# RFD 3 The Third Decision

