---
source: lib/doctavious-cli/src/cmd/design_decisions/rfd.rs
expression: "fs::read_to_string(first).unwrap()"
---
---
authors: 
state: predraft
discussion: 
---

# RFD 1 The First Decision
