---
source: lib/doctavious-cli/src/cmd/design_decisions/rfd.rs
expression: "fs::read_to_string(second).unwrap()"
---
---
authors: 
state: predraft
discussion: 
---

# RFD 2 The Second Decision
