---
source: lib/code-notify/src/lib.rs
expression: "String::from_utf8(writer).unwrap()"
---
2220271...a75c1bb
@markdown -> file.md
