---
source: bin/cli/src/commands/scmhook/run.rs
expression: "fs::read_to_string(&temp_path.join(\"backend/src/lib.rs\")).unwrap()"
---
fn main() {
    println!("Hello, world!");
}

