---
source: lib/doctavious-cli/src/cmd/til.rs
expression: "fs::read_to_string(&files[0]).unwrap()"
---
[til]
template_format = "md"
