---
source: lib/doctavious-cli/src/cmd/til.rs
expression: "fs::read_to_string(path).unwrap()"
---
---
date: [DATE]
tags: 
---
# testing

