---
source: lib/doctavious-cli/src/cmd/til.rs
expression: "&config"
---
path: /Users/seancarroll/Library/Application Support/com.doctavious.cli/doctavious-test.toml
settings:
  til:
    dir: [DIR]
    template_format: md
is_default_settings: false
