---
source: lib/somever/src/calendar.rs
expression: "serde_json::to_string(&Calver::parse(text, format).unwrap()).unwrap()"
---
{"prefixed":false,"major":2024,"minor":2,"patch":1,"micro":null,"modifier":"rc1","format":{"raw":"YYYY.MINOR.MICRO","prefix":null,"tokens":[{"position":"Major","convention":"FullYear"},{"position":"Minor","convention":"Minor"},{"position":"Patch","convention":"Micro"}],"separators":[".",".","-"]}}
