---
source: lib/somever/src/calendar.rs
expression: "serde_json::to_string(&Calver::parse(text, format).unwrap()).unwrap()"
---
{"prefixed":false,"major":2024,"minor":9,"patch":null,"micro":null,"modifier":null,"format":{"raw":"YYYY-0M","prefix":null,"tokens":[{"position":"Major","convention":"FullYear"},{"position":"Minor","convention":"PaddedMonth"}],"separators":["-"]}}
