---
source: lib/somever/src/calendar.rs
expression: "serde_json::to_string(&Calver::parse(text, format).unwrap()).unwrap()"
---
{"prefixed":false,"major":2024,"minor":10,"patch":6,"micro":null,"modifier":null,"format":{"raw":"YYYY.MM.0D","prefix":null,"tokens":[{"position":"Major","convention":"FullYear"},{"position":"Minor","convention":"ShortMonth"},{"position":"Patch","convention":"PaddedDay"}],"separators":[".","."]}}
