---
source: lib/somever/src/calendar.rs
expression: "serde_json::to_string(&Calver::internal_new(date, prefixed,\nformat.to_string(), modifier.map(str::to_string)).unwrap()).unwrap()"
---
{"prefixed":false,"major":2024,"minor":11,"patch":16,"micro":0,"modifier":null,"format":{"raw":"YYYY.MM.DD_MICRO","prefix":null,"tokens":[{"position":"Major","convention":"FullYear"},{"position":"Minor","convention":"ShortMonth"},{"position":"Patch","convention":"ShortDay"},{"position":"Micro","convention":"Micro"}],"separators":[".",".","_"]}}
