---
source: lib/somever/src/calendar.rs
expression: "serde_json::to_string(&Calver::internal_new(date, prefixed,\nformat.to_string(), modifier,).unwrap()).unwrap()"
---
{"prefixed":true,"major":2024,"minor":11,"patch":null,"micro":null,"modifier":null,"format":{"raw":"YYYY.MM","prefix":null,"tokens":[{"position":"Major","convention":"FullYear"},{"position":"Minor","convention":"ShortMonth"}],"separators":["."]}}
