---
source: lib/somever/src/calendar.rs
expression: "serde_json::to_string(&Calver::internal_new(date, prefixed,\nformat.to_string(), modifier.map(str::to_string)).unwrap()).unwrap()"
---
{"prefixed":false,"major":24,"minor":9,"patch":null,"micro":null,"modifier":null,"format":{"raw":"YY-MM","prefix":null,"tokens":[{"position":"Major","convention":"ShortYear"},{"position":"Minor","convention":"ShortMonth"}],"separators":["-"]}}
