---
source: lib/somever/src/calendar.rs
expression: "serde_json::to_string(&Calver::internal_new(date, prefixed,\nformat.to_string(), modifier,).unwrap()).unwrap()"
---
{"prefixed":false,"major":4,"minor":11,"patch":16,"micro":null,"modifier":null,"format":{"raw":"0Y.MM.DD","prefix":null,"tokens":[{"position":"Major","convention":"PaddedYear"},{"position":"Minor","convention":"ShortMonth"},{"position":"Patch","convention":"ShortDay"}],"separators":[".","."]}}
