---
source: lib/somever/src/calendar.rs
expression: "serde_json::to_string(&Calver::internal_new(date, prefixed,\nformat.to_string(), modifier,).unwrap()).unwrap()"
---
{"prefixed":false,"major":2024,"minor":11,"patch":6,"micro":null,"modifier":null,"format":{"raw":"YYYY.MM.0D","prefix":null,"tokens":[{"position":"Major","convention":"FullYear"},{"position":"Minor","convention":"ShortMonth"},{"position":"Patch","convention":"PaddedDay"}],"separators":[".","."]}}
